{
  "ldm": {
    "datasets": [
      {
        "attributes": [
          {
            "description": "Campaign channel id",
            "id": "campaign_channels.campaign_channel_id",
            "labels": [
              {
                "description": "Campaign channel id",
                "id": "campaign_channels.campaign_channel_id",
                "primary": true,
                "sourceColumn": "campaign_channel_id",
                "tags": [
                  "Campaign channels"
                ],
                "title": "Campaign channel id"
              }
            ],
            "tags": [
              "Campaign channels"
            ],
            "title": "Campaign channel id"
          },
          {
            "description": "Category",
            "id": "campaign_channels.category",
            "labels": [
              {
                "description": "Category",
                "id": "campaign_channels.category",
                "primary": true,
                "sourceColumn": "category",
                "tags": [
                  "Campaign channels"
                ],
                "title": "Category"
              }
            ],
            "tags": [
              "Campaign channels"
            ],
            "title": "Category"
          },
          {
            "description": "Type",
            "id": "campaign_channels.type",
            "labels": [
              {
                "description": "Type",
                "id": "campaign_channels.type",
                "primary": true,
                "sourceColumn": "type",
                "tags": [
                  "Campaign channels"
                ],
                "title": "Type"
              }
            ],
            "tags": [
              "Campaign channels"
            ],
            "title": "Type"
          }
        ],
        "dataSourceTableId": {
          "dataSourceId": "demo-test-ds",
          "id": "campaign_channels",
          "type": "dataSource"
        },
        "description": "Campaign channels",
        "facts": [
          {
            "description": "Budget",
            "id": "campaign_channels.budget",
            "sourceColumn": "budget",
            "tags": [
              "Campaign channels"
            ],
            "title": "Budget"
          },
          {
            "description": "Spend",
            "id": "campaign_channels.spend",
            "sourceColumn": "spend",
            "tags": [
              "Campaign channels"
            ],
            "title": "Spend"
          }
        ],
        "grain": [
          {
            "id": "campaign_channels.campaign_channel_id",
            "type": "attribute"
          }
        ],
        "id": "campaign_channels",
        "references": [
          {
            "identifier": {
              "id": "campaigns",
              "type": "dataset"
            },
            "multivalue": false,
            "sourceColumns": [
              "campaign_id"
            ]
          }
        ],
        "tags": [
          "Campaign channels"
        ],
        "title": "Campaign channels"
      },
      {
        "attributes": [
          {
            "description": "Campaign id",
            "id": "campaigns.campaign_id",
            "labels": [
              {
                "description": "Campaign id",
                "id": "campaigns.campaign_id",
                "primary": true,
                "sourceColumn": "campaign_id",
                "tags": [
                  "Campaigns"
                ],
                "title": "Campaign id"
              }
            ],
            "tags": [
              "Campaigns"
            ],
            "title": "Campaign id"
          },
          {
            "description": "Campaign name",
            "id": "campaigns.campaign_name",
            "labels": [
              {
                "description": "Campaign name",
                "id": "campaigns.campaign_name",
                "primary": true,
                "sourceColumn": "campaign_name",
                "tags": [
                  "Campaigns"
                ],
                "title": "Campaign name"
              }
            ],
            "tags": [
              "Campaigns"
            ],
            "title": "Campaign name"
          }
        ],
        "dataSourceTableId": {
          "dataSourceId": "demo-test-ds",
          "id": "campaigns",
          "type": "dataSource"
        },
        "description": "Campaigns",
        "facts": [],
        "grain": [
          {
            "id": "campaigns.campaign_id",
            "type": "attribute"
          }
        ],
        "id": "campaigns",
        "references": [],
        "tags": [
          "Campaigns"
        ],
        "title": "Campaigns"
      },
      {
        "attributes": [
          {
            "description": "Customer id",
            "id": "customers.customer_id",
            "labels": [
              {
                "description": "Customer id",
                "id": "customers.customer_id",
                "primary": true,
                "sourceColumn": "customer_id",
                "tags": [
                  "Customers"
                ],
                "title": "Customer id"
              }
            ],
            "tags": [
              "Customers"
            ],
            "title": "Customer id"
          },
          {
            "description": "Customer name",
            "id": "customers.customer_name",
            "labels": [
              {
                "description": "Customer name",
                "id": "customers.customer_name",
                "primary": true,
                "sourceColumn": "customer_name",
                "tags": [
                  "Customers"
                ],
                "title": "Customer name"
              }
            ],
            "tags": [
              "Customers"
            ],
            "title": "Customer name"
          },
          {
            "description": "Region",
            "id": "customers.region",
            "labels": [
              {
                "description": "Region",
                "id": "customers.region",
                "primary": true,
                "sourceColumn": "region",
                "tags": [
                  "Customers"
                ],
                "title": "Region"
              }
            ],
            "tags": [
              "Customers"
            ],
            "title": "Region"
          },
          {
            "description": "State",
            "id": "customers.state",
            "labels": [
              {
                "description": "Location",
                "id": "customers.geo__state__location",
                "primary": false,
                "sourceColumn": "geo__state__location",
                "tags": [
                  "Customers"
                ],
                "title": "Location"
              },
              {
                "description": "State",
                "id": "customers.state",
                "primary": true,
                "sourceColumn": "state",
                "tags": [
                  "Customers"
                ],
                "title": "State"
              }
            ],
            "tags": [
              "Customers"
            ],
            "title": "State"
          }
        ],
        "dataSourceTableId": {
          "dataSourceId": "demo-test-ds",
          "id": "customers",
          "type": "dataSource"
        },
        "description": "Customers",
        "facts": [],
        "grain": [
          {
            "id": "customers.customer_id",
            "type": "attribute"
          }
        ],
        "id": "customers",
        "references": [],
        "tags": [
          "Customers"
        ],
        "title": "Customers"
      },
      {
        "attributes": [
          {
            "description": "Order id",
            "id": "order_lines.order_id",
            "labels": [
              {
                "description": "Order id",
                "id": "order_lines.order_id",
                "primary": true,
                "sourceColumn": "order_id",
                "tags": [
                  "Order lines"
                ],
                "title": "Order id"
              }
            ],
            "tags": [
              "Order lines"
            ],
            "title": "Order id"
          },
          {
            "description": "Order line id",
            "id": "order_lines.order_line_id",
            "labels": [
              {
                "description": "Order line id",
                "id": "order_lines.order_line_id",
                "primary": true,
                "sourceColumn": "order_line_id",
                "tags": [
                  "Order lines"
                ],
                "title": "Order line id"
              }
            ],
            "tags": [
              "Order lines"
            ],
            "title": "Order line id"
          },
          {
            "description": "Order status",
            "id": "order_lines.order_status",
            "labels": [
              {
                "description": "Order status",
                "id": "order_lines.order_status",
                "primary": true,
                "sourceColumn": "order_status",
                "tags": [
                  "Order lines"
                ],
                "title": "Order status"
              }
            ],
            "tags": [
              "Order lines"
            ],
            "title": "Order status"
          }
        ],
        "dataSourceTableId": {
          "dataSourceId": "demo-test-ds",
          "id": "order_lines",
          "type": "dataSource"
        },
        "description": "Order lines",
        "facts": [
          {
            "description": "Price",
            "id": "order_lines.price",
            "sourceColumn": "price",
            "tags": [
              "Order lines"
            ],
            "title": "Price"
          },
          {
            "description": "Quantity",
            "id": "order_lines.quantity",
            "sourceColumn": "quantity",
            "tags": [
              "Order lines"
            ],
            "title": "Quantity"
          }
        ],
        "grain": [
          {
            "id": "order_lines.order_line_id",
            "type": "attribute"
          }
        ],
        "id": "order_lines",
        "references": [
          {
            "identifier": {
              "id": "campaigns",
              "type": "dataset"
            },
            "multivalue": false,
            "sourceColumns": [
              "campaign_id"
            ]
          },
          {
            "identifier": {
              "id": "customers",
              "type": "dataset"
            },
            "multivalue": false,
            "sourceColumns": [
              "customer_id"
            ]
          },
          {
            "identifier": {
              "id": "date",
              "type": "dataset"
            },
            "multivalue": false,
            "sourceColumns": [
              "date"
            ]
          },
          {
            "identifier": {
              "id": "products",
              "type": "dataset"
            },
            "multivalue": false,
            "sourceColumns": [
              "product_id"
            ]
          }
        ],
        "tags": [
          "Order lines"
        ],
        "title": "Order lines"
      },
      {
        "attributes": [
          {
            "description": "Category",
            "id": "products.category",
            "labels": [
              {
                "description": "Category",
                "id": "products.category",
                "primary": true,
                "sourceColumn": "category",
                "tags": [
                  "Products"
                ],
                "title": "Category"
              }
            ],
            "tags": [
              "Products"
            ],
            "title": "Category"
          },
          {
            "description": "Product id",
            "id": "products.product_id",
            "labels": [
              {
                "description": "Product id",
                "id": "products.product_id",
                "primary": true,
                "sourceColumn": "product_id",
                "tags": [
                  "Products"
                ],
                "title": "Product id"
              }
            ],
            "tags": [
              "Products"
            ],
            "title": "Product id"
          },
          {
            "description": "Product name",
            "id": "products.product_name",
            "labels": [
              {
                "description": "Product name",
                "id": "products.product_name",
                "primary": true,
                "sourceColumn": "product_name",
                "tags": [
                  "Products"
                ],
                "title": "Product name"
              }
            ],
            "tags": [
              "Products"
            ],
            "title": "Product name"
          }
        ],
        "dataSourceTableId": {
          "dataSourceId": "demo-test-ds",
          "id": "products",
          "type": "dataSource"
        },
        "description": "Products",
        "facts": [],
        "grain": [
          {
            "id": "products.product_id",
            "type": "attribute"
          }
        ],
        "id": "products",
        "references": [],
        "tags": [
          "Products"
        ],
        "title": "Products"
      }
    ],
    "dateInstances": [
      {
        "description": "",
        "granularities": [
          "DAY",
          "WEEK",
          "MONTH",
          "QUARTER",
          "YEAR"
        ],
        "granularitiesFormatting": {
          "titleBase": "",
          "titlePattern": "%titleBase - %granularityTitle"
        },
        "id": "date",
        "tags": [
          "Date"
        ],
        "title": "Date"
      }
    ]
  }
}
