{
  "userGroups": [
    {
      "id": "adminGroup"
    },
    {
      "id": "adminQA1Group",
      "parents": [
        {
          "id": "adminGroup",
          "type": "userGroup"
        }
      ]
    },
    {
      "id": "demoGroup"
    },
    {
      "id": "visitorsGroup",
      "parents": [
        {
          "id": "demoGroup",
          "type": "userGroup"
        }
      ]
    }
  ]
}
